python : C:\Python314\p
ython.exe: No module 
named pytest
At line:1 char:1
+ python -m pytest > 
pytest_output.txt 2>&1
+ ~~~~~~~~~~~~~~~~~~~~~
~~~~~~~~~~~~~~~~~~~~
    + CategoryInfo     
         : NotSpecifi  
  ed: (C:\Python314\   
 py...le named pyte    
st:String) [], Rem    
oteException
    + FullyQualifiedEr 
   rorId : NativeComm  
  andError
 
